// Jest Snapshot v1, https://goo.gl/fbAQLP

exports[`pruebas para el componente CounterApp debe de coincidir con la informacion del snapshot 1`] = `
<Fragment>
  <h1>
    CounterApp
  </h1>
  <h2>
     
    10
     
  </h2>
  <button
    id="mas"
    onClick={[Function]}
  >
    +1
  </button>
  <button
    id="reset"
    onClick={[Function]}
  >
    Reset
  </button>
  <button
    id="menos"
    onClick={[Function]}
  >
    -1
  </button>
</Fragment>
`;
